TAP version 13
# Subtest: 話す例の1タップで発言と模擬AI返答が表示される
ok 1 - 話す例の1タップで発言と模擬AI返答が表示される
  ---
  duration_ms: 1261.789681
  type: 'test'
  ...
# Subtest: 親子の約束を本人が確認し、最初の挑戦へ到達する
ok 2 - 親子の約束を本人が確認し、最初の挑戦へ到達する
  ---
  duration_ms: 1006.61296
  type: 'test'
  ...
# Subtest: 調査は提案から家族との調整、実行報告まで進む
ok 3 - 調査は提案から家族との調整、実行報告まで進む
  ---
  duration_ms: 1070.53862
  type: 'test'
  ...
# Subtest: 買っていない・作っていない報告を実行済みにしない
ok 4 - 買っていない・作っていない報告を実行済みにしない
  ---
  duration_ms: 705.154925
  type: 'test'
  ...
# Subtest: 途中保存した内容は、その後の会話で書き換わらない
ok 5 - 途中保存した内容は、その後の会話で書き換わらない
  ---
  duration_ms: 850.790376
  type: 'test'
  ...
# Subtest: 調査の実行確認はアルバム保存と共有に依存しない
ok 6 - 調査の実行確認はアルバム保存と共有に依存しない
  ---
  duration_ms: 1906.391178
  type: 'test'
  ...
# Subtest: 希望を話しただけでは保護者は任せ方を承認できない
ok 7 - 希望を話しただけでは保護者は任せ方を承認できない
  ---
  duration_ms: 847.798372
  type: 'test'
  ...
# Subtest: 320px: 3体験→保護者→新聞・返信・近況→60P・カフェを完走
ok 8 - 320px: 3体験→保護者→新聞・返信・近況→60P・カフェを完走
  ---
  duration_ms: 4563.88981
  type: 'test'
  ...
# Subtest: 390px: 3体験→保護者→新聞・返信・近況→60P・カフェを完走
ok 9 - 390px: 3体験→保護者→新聞・返信・近況→60P・カフェを完走
  ---
  duration_ms: 4304.494037
  type: 'test'
  ...
# Subtest: 768px: 3体験→保護者→新聞・返信・近況→60P・カフェを完走
ok 10 - 768px: 3体験→保護者→新聞・返信・近況→60P・カフェを完走
  ---
  duration_ms: 5326.626365
  type: 'test'
  ...
# Subtest: 1440px: 3体験→保護者→新聞・返信・近況→60P・カフェを完走
ok 11 - 1440px: 3体験→保護者→新聞・返信・近況→60P・カフェを完走
  ---
  duration_ms: 4852.955131
  type: 'test'
  ...
# Subtest: 文面更新・撤回で公開と過去新聞号から旧版を取り除く
ok 12 - 文面更新・撤回で公開と過去新聞号から旧版を取り除く
  ---
  duration_ms: 1415.216549
  type: 'test'
  ...
# Subtest: 内容版・宛先の競合や異なる役割からの操作では公開しない
ok 13 - 内容版・宛先の競合や異なる役割からの操作では公開しない
  ---
  duration_ms: 840.31472
  type: 'test'
  ...
# Subtest: 否定・未来の実行報告、振り返りを省く、未確認の価格を捏造しない
ok 14 - 否定・未来の実行報告、振り返りを省く、未確認の価格を捏造しない
  ---
  duration_ms: 1258.181835
  type: 'test'
  ...
# Subtest: 空の共有・返信・近況、負の歩数、確認後の変更を送信しない
ok 15 - 空の共有・返信・近況、負の歩数、確認後の変更を送信しない
  ---
  duration_ms: 1585.496048
  type: 'test'
  ...
# Subtest: 320pxの短い表示高・文字200%でもドックは会話を覆わない
ok 16 - 320pxの短い表示高・文字200%でもドックは会話を覆わない
  ---
  duration_ms: 835.876141
  type: 'test'
  ...
# Subtest: 祖父母は私的記録と宛先を選べ、孫へ自動共有しない
ok 17 - 祖父母は私的記録と宛先を選べ、孫へ自動共有しない
  ---
  duration_ms: 976.135808
  type: 'test'
  ...
# Subtest: 別の料理でもカレーの材料や経験を事実として補わず、結果まで進める
ok 18 - 別の料理でもカレーの材料や経験を事実として補わず、結果まで進める
  ---
  duration_ms: 984.839756
  type: 'test'
  ...
# Subtest: 家計を聞いた途中記録から給与・家賃を新聞へ自動転記しない
ok 19 - 家計を聞いた途中記録から給与・家賃を新聞へ自動転記しない
  ---
  duration_ms: 916.807701
  type: 'test'
  ...
# Subtest: 最後の発言の訂正で条件を再計算し、公開は更新後に再承認する
ok 20 - 最後の発言の訂正で条件を再計算し、公開は更新後に再承認する
  ---
  duration_ms: 1092.334883
  type: 'test'
  ...
1..20
# tests 20
# suites 0
# pass 20
# fail 0
# cancelled 0
# skipped 0
# todo 0
# duration_ms 37240.893038
