TAP version 13
# Subtest: 話す例の1タップで発言と模擬AI返答が表示される
ok 1 - 話す例の1タップで発言と模擬AI返答が表示される
  ---
  duration_ms: 1523.851946
  type: 'test'
  ...
# Subtest: 親子の約束を本人が確認し、最初の挑戦へ到達する
ok 2 - 親子の約束を本人が確認し、最初の挑戦へ到達する
  ---
  duration_ms: 1167.876877
  type: 'test'
  ...
# Subtest: 調査は提案から家族との調整、実行報告まで進む
ok 3 - 調査は提案から家族との調整、実行報告まで進む
  ---
  duration_ms: 1497.303586
  type: 'test'
  ...
# Subtest: 買っていない・作っていない報告を実行済みにしない
ok 4 - 買っていない・作っていない報告を実行済みにしない
  ---
  duration_ms: 765.482446
  type: 'test'
  ...
# Subtest: 途中保存した内容は、その後の会話で書き換わらない
ok 5 - 途中保存した内容は、その後の会話で書き換わらない
  ---
  duration_ms: 1091.859523
  type: 'test'
  ...
# Subtest: 調査の実行確認はアルバム保存と共有に依存しない
ok 6 - 調査の実行確認はアルバム保存と共有に依存しない
  ---
  duration_ms: 1426.53705
  type: 'test'
  ...
# Subtest: 希望を話しただけでは保護者は任せ方を承認できない
ok 7 - 希望を話しただけでは保護者は任せ方を承認できない
  ---
  duration_ms: 949.710841
  type: 'test'
  ...
# Subtest: 320px: 3体験→保護者→新聞・返信・近況→60P・カフェを完走
ok 8 - 320px: 3体験→保護者→新聞・返信・近況→60P・カフェを完走
  ---
  duration_ms: 7313.564497
  type: 'test'
  ...
# Subtest: 390px: 3体験→保護者→新聞・返信・近況→60P・カフェを完走
ok 9 - 390px: 3体験→保護者→新聞・返信・近況→60P・カフェを完走
  ---
  duration_ms: 7476.353222
  type: 'test'
  ...
# Subtest: 768px: 3体験→保護者→新聞・返信・近況→60P・カフェを完走
ok 10 - 768px: 3体験→保護者→新聞・返信・近況→60P・カフェを完走
  ---
  duration_ms: 7611.879081
  type: 'test'
  ...
# Subtest: 1440px: 3体験→保護者→新聞・返信・近況→60P・カフェを完走
ok 11 - 1440px: 3体験→保護者→新聞・返信・近況→60P・カフェを完走
  ---
  duration_ms: 7591.386574
  type: 'test'
  ...
# Subtest: 文面更新・撤回で公開と過去新聞号から旧版を取り除く
ok 12 - 文面更新・撤回で公開と過去新聞号から旧版を取り除く
  ---
  duration_ms: 2074.826749
  type: 'test'
  ...
# Subtest: 内容版・宛先の競合や異なる役割からの操作では公開しない
ok 13 - 内容版・宛先の競合や異なる役割からの操作では公開しない
  ---
  duration_ms: 1629.074096
  type: 'test'
  ...
# Subtest: 否定・未来の実行報告、振り返りを省く、未確認の価格を捏造しない
ok 14 - 否定・未来の実行報告、振り返りを省く、未確認の価格を捏造しない
  ---
  duration_ms: 1830.803563
  type: 'test'
  ...
# Subtest: 空の共有・返信・近況、負の歩数、確認後の変更を送信しない
ok 15 - 空の共有・返信・近況、負の歩数、確認後の変更を送信しない
  ---
  duration_ms: 1943.695292
  type: 'test'
  ...
# Subtest: 320pxの短い表示高・文字200%でもドックは会話を覆わない
ok 16 - 320pxの短い表示高・文字200%でもドックは会話を覆わない
  ---
  duration_ms: 1060.765159
  type: 'test'
  ...
# Subtest: 祖父母は私的記録と宛先を選べ、孫へ自動共有しない
ok 17 - 祖父母は私的記録と宛先を選べ、孫へ自動共有しない
  ---
  duration_ms: 1089.219329
  type: 'test'
  ...
# Subtest: 別の料理でもカレーの材料や経験を事実として補わず、結果まで進める
ok 18 - 別の料理でもカレーの材料や経験を事実として補わず、結果まで進める
  ---
  duration_ms: 1266.834851
  type: 'test'
  ...
# Subtest: 家計を聞いた途中記録から給与・家賃を新聞へ自動転記しない
ok 19 - 家計を聞いた途中記録から給与・家賃を新聞へ自動転記しない
  ---
  duration_ms: 1587.358955
  type: 'test'
  ...
# Subtest: 最後の発言の訂正で条件を再計算し、公開は更新後に再承認する
ok 20 - 最後の発言の訂正で条件を再計算し、公開は更新後に再承認する
  ---
  duration_ms: 2282.176311
  type: 'test'
  ...
# Subtest: 話す例の実行文は完了・実行報告にならず、本人がまだを選べる
ok 21 - 話す例の実行文は完了・実行報告にならず、本人がまだを選べる
  ---
  duration_ms: 1770.063329
  type: 'test'
  ...
# Subtest: 本人の報告も内容確認まで完了せず、否定した確認文では止まる
ok 22 - 本人の報告も内容確認まで完了せず、否定した確認文では止まる
  ---
  duration_ms: 2087.6196
  type: 'test'
  ...
# Subtest: 保存後は共有選択が全文より先にあり、全文は閉じたまま読める
ok 23 - 保存後は共有選択が全文より先にあり、全文は閉じたまま読める
  ---
  duration_ms: 2377.784192
  type: 'test'
  ...
# Subtest: 親と祖父母の選択タブは色・枠と属性で区別できる
ok 24 - 親と祖父母の選択タブは色・枠と属性で区別できる
  ---
  duration_ms: 1326.622856
  type: 'test'
  ...
# Subtest: 模擬返答の180ms表示は即返答と両立し、動き低減では停止する
ok 25 - 模擬返答の180ms表示は即返答と両立し、動き低減では停止する
  ---
  duration_ms: 844.944197
  type: 'test'
  ...
# Subtest: 通常・動き低減と4画面幅で最新発言の冒頭が欠けず、保存で会話を描き直さない
ok 26 - 通常・動き低減と4画面幅で最新発言の冒頭が欠けず、保存で会話を描き直さない
  ---
  duration_ms: 11816.476264
  type: 'test'
  ...
# Subtest: 祖父母の確認は別画面で見出しにfocusし、修正で入力と位置が戻る
ok 27 - 祖父母の確認は別画面で見出しにfocusし、修正で入力と位置が戻る
  ---
  duration_ms: 1175.032297
  type: 'test'
  ...
# Subtest: 返信をあとで読む・別の問いを選ぶ・途中再開ができ、自動共有やポイントはない
ok 28 - 返信をあとで読む・別の問いを選ぶ・途中再開ができ、自動共有やポイントはない
  ---
  duration_ms: 1847.471551
  type: 'test'
  ...
# Subtest: 元返信の撤回と記事の版更新では、選びかけの次の問いを始めない
ok 29 - 元返信の撤回と記事の版更新では、選びかけの次の問いを始めない
  ---
  duration_ms: 3362.387102
  type: 'test'
  ...
# Subtest: 返信なしでも自分の問いから進め、返信の採用は本人が選ぶまで起きない
ok 30 - 返信なしでも自分の問いから進め、返信の採用は本人が選ぶまで起きない
  ---
  duration_ms: 1746.042356
  type: 'test'
  ...
# Subtest: 採用済みの返信を撤回しても本人の記録は私的に残り、出所の失効が分かる
ok 31 - 採用済みの返信を撤回しても本人の記録は私的に残り、出所の失効が分かる
  ---
  duration_ms: 1876.990077
  type: 'test'
  ...
# Subtest: 振り返りの例を本人の考えとして共有下書きへ転記しない
ok 32 - 振り返りの例を本人の考えとして共有下書きへ転記しない
  ---
  duration_ms: 1970.774287
  type: 'test'
  ...
1..32
# tests 32
# suites 0
# pass 32
# fail 0
# cancelled 0
# skipped 0
# todo 0
# duration_ms 85996.656127
